../Core/Src/app.cpp:11:5:int main()	8	static
../Core/Src/app.cpp:19:6:void stateMachine()	16	static
../Core/Src/app.cpp:65:6:void initLEDS()	8	static
../Core/Src/app.cpp:88:6:void writeLED(uint32_t, GPIO_PinState)	16	static
../Core/Src/app.cpp:100:6:void appInit()	8	static
../Core/Src/app.cpp:113:6:void appFunction(uint16_t)	56	static
../Core/Src/app.cpp:135:6:void initADC()	8	static
../Core/Src/app.cpp:148:6:void configADC()	8	static
../Core/Src/app.cpp:170:6:void convertADC()	8	static
../Core/Src/app.cpp:191:10:uint16_t readADC()	16	static
