../Core/Src/main.c:85:6:mainInit	8	static
../Core/Src/main.c:134:6:SystemClock_Config	112	static
../Core/Src/main.c:185:13:MX_ADC_Init	24	static
../Core/Src/main.c:239:13:MX_I2C2_Init	8	static
../Core/Src/main.c:287:13:MX_SPI2_Init	8	static
../Core/Src/main.c:327:13:MX_TSC_Init	8	static
../Core/Src/main.c:370:13:MX_USB_PCD_Init	8	static
../Core/Src/main.c:400:13:MX_DMA_Init	16	static
../Core/Src/main.c:418:13:MX_GPIO_Init	48	static
../Core/Src/main.c:466:6:Error_Handler	8	static,ignoring_inline_asm
